------------------------------------------------------------
Timing Analyzer Summary
------------------------------------------------------------

Type  : Slow 1200mV 85C Model Setup 'CLK'
Slack : -9.597
TNS   : -137.740

Type  : Slow 1200mV 85C Model Setup 'resetMaster'
Slack : -9.510
TNS   : -142.103

Type  : Slow 1200mV 85C Model Setup 'CLK50'
Slack : -4.104
TNS   : -68.558

Type  : Slow 1200mV 85C Model Hold 'CLK'
Slack : -0.202
TNS   : -0.808

Type  : Slow 1200mV 85C Model Hold 'resetMaster'
Slack : 0.404
TNS   : 0.000

Type  : Slow 1200mV 85C Model Hold 'CLK50'
Slack : 0.515
TNS   : 0.000

Type  : Slow 1200mV 85C Model Recovery 'resetMaster'
Slack : -8.587
TNS   : -61.901

Type  : Slow 1200mV 85C Model Recovery 'CLK'
Slack : -8.243
TNS   : -59.149

Type  : Slow 1200mV 85C Model Recovery 'CLK50'
Slack : -1.379
TNS   : -26.672

Type  : Slow 1200mV 85C Model Removal 'CLK'
Slack : 0.549
TNS   : 0.000

Type  : Slow 1200mV 85C Model Removal 'CLK50'
Slack : 0.674
TNS   : 0.000

Type  : Slow 1200mV 85C Model Removal 'resetMaster'
Slack : 0.944
TNS   : 0.000

Type  : Slow 1200mV 85C Model Minimum Pulse Width 'CLK50'
Slack : -3.000
TNS   : -29.985

Type  : Slow 1200mV 85C Model Minimum Pulse Width 'CLK'
Slack : -3.000
TNS   : -26.253

Type  : Slow 1200mV 85C Model Minimum Pulse Width 'resetMaster'
Slack : -3.000
TNS   : -26.253

Type  : Slow 1200mV 0C Model Setup 'CLK'
Slack : -8.839
TNS   : -125.042

Type  : Slow 1200mV 0C Model Setup 'resetMaster'
Slack : -8.626
TNS   : -127.779

Type  : Slow 1200mV 0C Model Setup 'CLK50'
Slack : -3.667
TNS   : -61.431

Type  : Slow 1200mV 0C Model Hold 'CLK'
Slack : -0.197
TNS   : -0.788

Type  : Slow 1200mV 0C Model Hold 'resetMaster'
Slack : 0.355
TNS   : 0.000

Type  : Slow 1200mV 0C Model Hold 'CLK50'
Slack : 0.493
TNS   : 0.000

Type  : Slow 1200mV 0C Model Recovery 'resetMaster'
Slack : -7.796
TNS   : -56.056

Type  : Slow 1200mV 0C Model Recovery 'CLK'
Slack : -7.486
TNS   : -53.576

Type  : Slow 1200mV 0C Model Recovery 'CLK50'
Slack : -1.191
TNS   : -22.775

Type  : Slow 1200mV 0C Model Removal 'CLK'
Slack : 0.593
TNS   : 0.000

Type  : Slow 1200mV 0C Model Removal 'CLK50'
Slack : 0.754
TNS   : 0.000

Type  : Slow 1200mV 0C Model Removal 'resetMaster'
Slack : 0.950
TNS   : 0.000

Type  : Slow 1200mV 0C Model Minimum Pulse Width 'CLK50'
Slack : -3.000
TNS   : -29.985

Type  : Slow 1200mV 0C Model Minimum Pulse Width 'CLK'
Slack : -3.000
TNS   : -26.209

Type  : Slow 1200mV 0C Model Minimum Pulse Width 'resetMaster'
Slack : -3.000
TNS   : -26.209

Type  : Fast 1200mV 0C Model Setup 'resetMaster'
Slack : -4.000
TNS   : -58.994

Type  : Fast 1200mV 0C Model Setup 'CLK'
Slack : -3.868
TNS   : -55.376

Type  : Fast 1200mV 0C Model Setup 'CLK50'
Slack : -1.736
TNS   : -26.904

Type  : Fast 1200mV 0C Model Hold 'CLK'
Slack : -0.113
TNS   : -0.452

Type  : Fast 1200mV 0C Model Hold 'CLK50'
Slack : -0.045
TNS   : -0.045

Type  : Fast 1200mV 0C Model Hold 'resetMaster'
Slack : 0.167
TNS   : 0.000

Type  : Fast 1200mV 0C Model Recovery 'resetMaster'
Slack : -3.696
TNS   : -26.114

Type  : Fast 1200mV 0C Model Recovery 'CLK'
Slack : -3.543
TNS   : -24.890

Type  : Fast 1200mV 0C Model Recovery 'CLK50'
Slack : -0.879
TNS   : -16.993

Type  : Fast 1200mV 0C Model Removal 'CLK50'
Slack : 0.012
TNS   : 0.000

Type  : Fast 1200mV 0C Model Removal 'CLK'
Slack : 0.211
TNS   : 0.000

Type  : Fast 1200mV 0C Model Removal 'resetMaster'
Slack : 0.398
TNS   : 0.000

Type  : Fast 1200mV 0C Model Minimum Pulse Width 'resetMaster'
Slack : -3.000
TNS   : -25.441

Type  : Fast 1200mV 0C Model Minimum Pulse Width 'CLK50'
Slack : -3.000
TNS   : -25.020

Type  : Fast 1200mV 0C Model Minimum Pulse Width 'CLK'
Slack : -3.000
TNS   : -24.045

------------------------------------------------------------
