------------------------------------------------------------
Timing Analyzer Summary
------------------------------------------------------------

Type  : Slow 1200mV 85C Model Setup 'resetMaster'
Slack : -4.897
TNS   : -39.300

Type  : Slow 1200mV 85C Model Setup 'clock'
Slack : -4.496
TNS   : -59.655

Type  : Slow 1200mV 85C Model Setup 'input'
Slack : -3.428
TNS   : -25.639

Type  : Slow 1200mV 85C Model Hold 'input'
Slack : -0.082
TNS   : -0.328

Type  : Slow 1200mV 85C Model Hold 'clock'
Slack : 0.312
TNS   : 0.000

Type  : Slow 1200mV 85C Model Hold 'resetMaster'
Slack : 0.407
TNS   : 0.000

Type  : Slow 1200mV 85C Model Recovery 'resetMaster'
Slack : -2.537
TNS   : -19.194

Type  : Slow 1200mV 85C Model Recovery 'clock'
Slack : -2.220
TNS   : -22.470

Type  : Slow 1200mV 85C Model Recovery 'input'
Slack : -1.837
TNS   : -13.498

Type  : Slow 1200mV 85C Model Removal 'clock'
Slack : 0.602
TNS   : 0.000

Type  : Slow 1200mV 85C Model Removal 'input'
Slack : 0.968
TNS   : 0.000

Type  : Slow 1200mV 85C Model Removal 'resetMaster'
Slack : 1.763
TNS   : 0.000

Type  : Slow 1200mV 85C Model Minimum Pulse Width 'clock'
Slack : -3.000
TNS   : -26.130

Type  : Slow 1200mV 85C Model Minimum Pulse Width 'input'
Slack : -3.000
TNS   : -13.280

Type  : Slow 1200mV 85C Model Minimum Pulse Width 'resetMaster'
Slack : -3.000
TNS   : -13.280

Type  : Slow 1200mV 0C Model Setup 'resetMaster'
Slack : -4.423
TNS   : -35.266

Type  : Slow 1200mV 0C Model Setup 'clock'
Slack : -4.137
TNS   : -53.848

Type  : Slow 1200mV 0C Model Setup 'input'
Slack : -3.241
TNS   : -24.196

Type  : Slow 1200mV 0C Model Hold 'input'
Slack : 0.040
TNS   : 0.000

Type  : Slow 1200mV 0C Model Hold 'clock'
Slack : 0.302
TNS   : 0.000

Type  : Slow 1200mV 0C Model Hold 'resetMaster'
Slack : 0.355
TNS   : 0.000

Type  : Slow 1200mV 0C Model Recovery 'resetMaster'
Slack : -2.149
TNS   : -16.140

Type  : Slow 1200mV 0C Model Recovery 'clock'
Slack : -1.937
TNS   : -19.139

Type  : Slow 1200mV 0C Model Recovery 'input'
Slack : -1.863
TNS   : -13.804

Type  : Slow 1200mV 0C Model Removal 'clock'
Slack : 0.675
TNS   : 0.000

Type  : Slow 1200mV 0C Model Removal 'input'
Slack : 0.856
TNS   : 0.000

Type  : Slow 1200mV 0C Model Removal 'resetMaster'
Slack : 1.755
TNS   : 0.000

Type  : Slow 1200mV 0C Model Minimum Pulse Width 'clock'
Slack : -3.000
TNS   : -26.130

Type  : Slow 1200mV 0C Model Minimum Pulse Width 'input'
Slack : -3.000
TNS   : -13.280

Type  : Slow 1200mV 0C Model Minimum Pulse Width 'resetMaster'
Slack : -3.000
TNS   : -13.280

Type  : Fast 1200mV 0C Model Setup 'resetMaster'
Slack : -2.608
TNS   : -21.769

Type  : Fast 1200mV 0C Model Setup 'clock'
Slack : -1.887
TNS   : -20.760

Type  : Fast 1200mV 0C Model Setup 'input'
Slack : -1.183
TNS   : -9.199

Type  : Fast 1200mV 0C Model Hold 'input'
Slack : -0.261
TNS   : -1.044

Type  : Fast 1200mV 0C Model Hold 'clock'
Slack : -0.172
TNS   : -0.172

Type  : Fast 1200mV 0C Model Hold 'resetMaster'
Slack : 0.184
TNS   : 0.000

Type  : Fast 1200mV 0C Model Recovery 'resetMaster'
Slack : -1.751
TNS   : -13.114

Type  : Fast 1200mV 0C Model Recovery 'clock'
Slack : -1.313
TNS   : -13.629

Type  : Fast 1200mV 0C Model Recovery 'input'
Slack : -0.482
TNS   : -2.962

Type  : Fast 1200mV 0C Model Removal 'clock'
Slack : -0.023
TNS   : -0.023

Type  : Fast 1200mV 0C Model Removal 'input'
Slack : 0.422
TNS   : 0.000

Type  : Fast 1200mV 0C Model Removal 'resetMaster'
Slack : 0.772
TNS   : 0.000

Type  : Fast 1200mV 0C Model Minimum Pulse Width 'clock'
Slack : -3.000
TNS   : -22.036

Type  : Fast 1200mV 0C Model Minimum Pulse Width 'resetMaster'
Slack : -3.000
TNS   : -12.741

Type  : Fast 1200mV 0C Model Minimum Pulse Width 'input'
Slack : -3.000
TNS   : -11.887

------------------------------------------------------------
